// Jest Snapshot v1, https://goo.gl/fbAQLP

exports[`should render Button component correctly 1`] = `
<button
  className="button-text"
>
  Follow up
</button>
`;
